#-----------------------------------------------------------
# Vivado v2024.1 (64-bit)
# SW Build 5076996 on Wed May 22 18:36:09 MDT 2024
# IP Build 5075265 on Wed May 22 21:45:21 MDT 2024
# SharedData Build 5076995 on Wed May 22 18:29:18 MDT 2024
# Start of session at: Sat Nov  8 23:51:36 2025
# Process ID: 54944
# Current directory: /home/jack/driver_development_petalinux/project/project.runs/impl_1
# Command line: vivado -log design_1_wrapper.vdi -applog -product Vivado -messageDb vivado.pb -mode batch -source design_1_wrapper.tcl -notrace
# Log file: /home/jack/driver_development_petalinux/project/project.runs/impl_1/design_1_wrapper.vdi
# Journal file: /home/jack/driver_development_petalinux/project/project.runs/impl_1/vivado.jou
# Running On        :jack-HP-ENVY-Laptop-17-cr0xxx
# Platform          :Ubuntu
# Operating System  :Ubuntu 22.04.5 LTS
# Processor Detail  :12th Gen Intel(R) Core(TM) i7-1260P
# CPU Frequency     :481.138 MHz
# CPU Physical cores:12
# CPU Logical cores :16
# Host memory       :16465 MB
# Swap memory       :2147 MB
# Total Virtual     :18613 MB
# Available Virtual :9453 MB
#-----------------------------------------------------------
source design_1_wrapper.tcl -notrace
